// Jest Snapshot v1, https://goo.gl/fbAQLP

exports[`<Popup /> renders correctly 1`] = `
<Modal
  animationType="slide"
  hardwareAccelerated={false}
  transparent={false}
  visible={true}
>
  <RCTSafeAreaView
    emulateUnlessSupported={true}
    style={
      Object {
        "backgroundColor": "#FBFBFB",
        "flex": 1,
      }
    }
  >
    <View
      style={
        Object {
          "alignItems": "flex-end",
          "backgroundColor": "#FBFBFB",
          "borderBottomColor": "#ECECEC",
          "borderBottomWidth": 1,
          "flexDirection": "row",
          "height": 57,
          "justifyContent": "center",
          "paddingBottom": 12,
        }
      }
    >
      <View
        accessibilityLabel="Close"
        accessible={true}
        isTVSelectable={true}
        onResponderGrant={[Function]}
        onResponderMove={[Function]}
        onResponderRelease={[Function]}
        onResponderTerminate={[Function]}
        onResponderTerminationRequest={[Function]}
        onStartShouldSetResponder={[Function]}
        style={
          Object {
            "bottom": 12,
            "left": 0,
            "opacity": 1,
            "paddingBottom": 5,
            "paddingLeft": 20,
            "position": "absolute",
          }
        }
      >
        <Image
          source={
            Object {
              "testUri": "../../../app/images/close.png",
            }
          }
          style={
            Object {
              "height": 17,
              "width": 17,
            }
          }
        />
      </View>
    </View>
    <RCTScrollView
      style={
        Object {
          "flex": 1,
          "padding": 20,
        }
      }
    >
      <View>
        <View
          style={Object {}}
        >
          <Text
            allowFontScaling={true}
            selectable={false}
            style={
              Array [
                Object {},
                Object {},
              ]
            }
          >
            <Text
              allowFontScaling={true}
              style={
                Object {
                  "fontSize": 14,
                }
              }
            >
              Content
            </Text>
          </Text>
        </View>
      </View>
    </RCTScrollView>
  </RCTSafeAreaView>
</Modal>
`;
